Archive member included because of file (symbol)

c:/program files/gnu tools arm embedded/4.9 2015q1/bin/../lib/gcc/arm-none-eabi/4.9.3/../../../../arm-none-eabi/lib/armv7-m\libc.a(lib_a-exit.o)
                              c:/program files/gnu tools arm embedded/4.9 2015q1/bin/../lib/gcc/arm-none-eabi/4.9.3/../../../../arm-none-eabi/lib/armv7-m/crt0.o (exit)
c:/program files/gnu tools arm embedded/4.9 2015q1/bin/../lib/gcc/arm-none-eabi/4.9.3/../../../../arm-none-eabi/lib/armv7-m\libc.a(lib_a-impure.o)
                              c:/program files/gnu tools arm embedded/4.9 2015q1/bin/../lib/gcc/arm-none-eabi/4.9.3/../../../../arm-none-eabi/lib/armv7-m\libc.a(lib_a-exit.o) (_global_impure_ptr)
c:/program files/gnu tools arm embedded/4.9 2015q1/bin/../lib/gcc/arm-none-eabi/4.9.3/../../../../arm-none-eabi/lib/armv7-m\libc.a(lib_a-init.o)
                              c:/program files/gnu tools arm embedded/4.9 2015q1/bin/../lib/gcc/arm-none-eabi/4.9.3/../../../../arm-none-eabi/lib/armv7-m/crt0.o (__libc_init_array)
c:/program files/gnu tools arm embedded/4.9 2015q1/bin/../lib/gcc/arm-none-eabi/4.9.3/../../../../arm-none-eabi/lib/armv7-m\libc.a(lib_a-memset.o)
                              c:/program files/gnu tools arm embedded/4.9 2015q1/bin/../lib/gcc/arm-none-eabi/4.9.3/../../../../arm-none-eabi/lib/armv7-m/crt0.o (memset)
c:/program files/gnu tools arm embedded/4.9 2015q1/bin/../lib/gcc/arm-none-eabi/4.9.3/../../../../arm-none-eabi/lib/armv7-m\libc.a(lib_a-__call_atexit.o)
                              c:/program files/gnu tools arm embedded/4.9 2015q1/bin/../lib/gcc/arm-none-eabi/4.9.3/../../../../arm-none-eabi/lib/armv7-m\libc.a(lib_a-exit.o) (__call_exitprocs)
c:/program files/gnu tools arm embedded/4.9 2015q1/bin/../lib/gcc/arm-none-eabi/4.9.3/../../../../arm-none-eabi/lib/armv7-m\libc.a(lib_a-atexit.o)
                              c:/program files/gnu tools arm embedded/4.9 2015q1/bin/../lib/gcc/arm-none-eabi/4.9.3/../../../../arm-none-eabi/lib/armv7-m\libc.a(lib_a-__call_atexit.o) (atexit)
c:/program files/gnu tools arm embedded/4.9 2015q1/bin/../lib/gcc/arm-none-eabi/4.9.3/../../../../arm-none-eabi/lib/armv7-m\libc.a(lib_a-fini.o)
                              c:/program files/gnu tools arm embedded/4.9 2015q1/bin/../lib/gcc/arm-none-eabi/4.9.3/../../../../arm-none-eabi/lib/armv7-m\libc.a(lib_a-__call_atexit.o) (__libc_fini_array)
c:/program files/gnu tools arm embedded/4.9 2015q1/bin/../lib/gcc/arm-none-eabi/4.9.3/../../../../arm-none-eabi/lib/armv7-m\libc.a(lib_a-__atexit.o)
                              c:/program files/gnu tools arm embedded/4.9 2015q1/bin/../lib/gcc/arm-none-eabi/4.9.3/../../../../arm-none-eabi/lib/armv7-m\libc.a(lib_a-atexit.o) (__register_exitproc)

Allocating common symbols
Common symbol       size              file

TIM_TimeBaseStructure
                    0xa               ..\obj\main.o
outputChannelInit   0x10              ..\obj\main.o
TIM_ICInitStructure
                    0xa               ..\obj\main.o

Discarded input sections

 .text          0x00000000        0x0 c:/program files/gnu tools arm embedded/4.9 2015q1/bin/../lib/gcc/arm-none-eabi/4.9.3/armv7-m/crti.o
 .data          0x00000000        0x0 c:/program files/gnu tools arm embedded/4.9 2015q1/bin/../lib/gcc/arm-none-eabi/4.9.3/armv7-m/crti.o
 .bss           0x00000000        0x0 c:/program files/gnu tools arm embedded/4.9 2015q1/bin/../lib/gcc/arm-none-eabi/4.9.3/armv7-m/crti.o
 .data          0x00000000        0x4 c:/program files/gnu tools arm embedded/4.9 2015q1/bin/../lib/gcc/arm-none-eabi/4.9.3/armv7-m/crtbegin.o
 .text          0x00000000       0x74 c:/program files/gnu tools arm embedded/4.9 2015q1/bin/../lib/gcc/arm-none-eabi/4.9.3/../../../../arm-none-eabi/lib/armv7-m/crt0.o
 .data          0x00000000        0x0 c:/program files/gnu tools arm embedded/4.9 2015q1/bin/../lib/gcc/arm-none-eabi/4.9.3/../../../../arm-none-eabi/lib/armv7-m/crt0.o
 .bss           0x00000000        0x0 c:/program files/gnu tools arm embedded/4.9 2015q1/bin/../lib/gcc/arm-none-eabi/4.9.3/../../../../arm-none-eabi/lib/armv7-m/crt0.o
 .ARM.extab     0x00000000        0x0 c:/program files/gnu tools arm embedded/4.9 2015q1/bin/../lib/gcc/arm-none-eabi/4.9.3/../../../../arm-none-eabi/lib/armv7-m/crt0.o
 .ARM.exidx     0x00000000        0x8 c:/program files/gnu tools arm embedded/4.9 2015q1/bin/../lib/gcc/arm-none-eabi/4.9.3/../../../../arm-none-eabi/lib/armv7-m/crt0.o
 .ARM.attributes
                0x00000000       0x1b c:/program files/gnu tools arm embedded/4.9 2015q1/bin/../lib/gcc/arm-none-eabi/4.9.3/../../../../arm-none-eabi/lib/armv7-m/crt0.o
 .text          0x00000000        0x0 c:/program files/gnu tools arm embedded/4.9 2015q1/bin/../lib/gcc/arm-none-eabi/4.9.3/../../../../arm-none-eabi/lib/armv7-m\libc.a(lib_a-exit.o)
 .data          0x00000000        0x0 c:/program files/gnu tools arm embedded/4.9 2015q1/bin/../lib/gcc/arm-none-eabi/4.9.3/../../../../arm-none-eabi/lib/armv7-m\libc.a(lib_a-exit.o)
 .bss           0x00000000        0x0 c:/program files/gnu tools arm embedded/4.9 2015q1/bin/../lib/gcc/arm-none-eabi/4.9.3/../../../../arm-none-eabi/lib/armv7-m\libc.a(lib_a-exit.o)
 .text.exit     0x00000000       0x20 c:/program files/gnu tools arm embedded/4.9 2015q1/bin/../lib/gcc/arm-none-eabi/4.9.3/../../../../arm-none-eabi/lib/armv7-m\libc.a(lib_a-exit.o)
 .debug_frame   0x00000000       0x28 c:/program files/gnu tools arm embedded/4.9 2015q1/bin/../lib/gcc/arm-none-eabi/4.9.3/../../../../arm-none-eabi/lib/armv7-m\libc.a(lib_a-exit.o)
 .ARM.attributes
                0x00000000       0x2d c:/program files/gnu tools arm embedded/4.9 2015q1/bin/../lib/gcc/arm-none-eabi/4.9.3/../../../../arm-none-eabi/lib/armv7-m\libc.a(lib_a-exit.o)
 .text          0x00000000        0x0 c:/program files/gnu tools arm embedded/4.9 2015q1/bin/../lib/gcc/arm-none-eabi/4.9.3/../../../../arm-none-eabi/lib/armv7-m\libc.a(lib_a-impure.o)
 .data          0x00000000        0x0 c:/program files/gnu tools arm embedded/4.9 2015q1/bin/../lib/gcc/arm-none-eabi/4.9.3/../../../../arm-none-eabi/lib/armv7-m\libc.a(lib_a-impure.o)
 .bss           0x00000000        0x0 c:/program files/gnu tools arm embedded/4.9 2015q1/bin/../lib/gcc/arm-none-eabi/4.9.3/../../../../arm-none-eabi/lib/armv7-m\libc.a(lib_a-impure.o)
 .data._impure_ptr
                0x00000000        0x4 c:/program files/gnu tools arm embedded/4.9 2015q1/bin/../lib/gcc/arm-none-eabi/4.9.3/../../../../arm-none-eabi/lib/armv7-m\libc.a(lib_a-impure.o)
 .ARM.attributes
                0x00000000       0x2d c:/program files/gnu tools arm embedded/4.9 2015q1/bin/../lib/gcc/arm-none-eabi/4.9.3/../../../../arm-none-eabi/lib/armv7-m\libc.a(lib_a-impure.o)
 .text          0x00000000        0x0 c:/program files/gnu tools arm embedded/4.9 2015q1/bin/../lib/gcc/arm-none-eabi/4.9.3/../../../../arm-none-eabi/lib/armv7-m\libc.a(lib_a-init.o)
 .data          0x00000000        0x0 c:/program files/gnu tools arm embedded/4.9 2015q1/bin/../lib/gcc/arm-none-eabi/4.9.3/../../../../arm-none-eabi/lib/armv7-m\libc.a(lib_a-init.o)
 .bss           0x00000000        0x0 c:/program files/gnu tools arm embedded/4.9 2015q1/bin/../lib/gcc/arm-none-eabi/4.9.3/../../../../arm-none-eabi/lib/armv7-m\libc.a(lib_a-init.o)
 .debug_frame   0x00000000       0x2c c:/program files/gnu tools arm embedded/4.9 2015q1/bin/../lib/gcc/arm-none-eabi/4.9.3/../../../../arm-none-eabi/lib/armv7-m\libc.a(lib_a-init.o)
 .ARM.attributes
                0x00000000       0x2d c:/program files/gnu tools arm embedded/4.9 2015q1/bin/../lib/gcc/arm-none-eabi/4.9.3/../../../../arm-none-eabi/lib/armv7-m\libc.a(lib_a-init.o)
 .text          0x00000000        0x0 c:/program files/gnu tools arm embedded/4.9 2015q1/bin/../lib/gcc/arm-none-eabi/4.9.3/../../../../arm-none-eabi/lib/armv7-m\libc.a(lib_a-memset.o)
 .data          0x00000000        0x0 c:/program files/gnu tools arm embedded/4.9 2015q1/bin/../lib/gcc/arm-none-eabi/4.9.3/../../../../arm-none-eabi/lib/armv7-m\libc.a(lib_a-memset.o)
 .bss           0x00000000        0x0 c:/program files/gnu tools arm embedded/4.9 2015q1/bin/../lib/gcc/arm-none-eabi/4.9.3/../../../../arm-none-eabi/lib/armv7-m\libc.a(lib_a-memset.o)
 .text.memset   0x00000000       0x9c c:/program files/gnu tools arm embedded/4.9 2015q1/bin/../lib/gcc/arm-none-eabi/4.9.3/../../../../arm-none-eabi/lib/armv7-m\libc.a(lib_a-memset.o)
 .debug_frame   0x00000000       0x34 c:/program files/gnu tools arm embedded/4.9 2015q1/bin/../lib/gcc/arm-none-eabi/4.9.3/../../../../arm-none-eabi/lib/armv7-m\libc.a(lib_a-memset.o)
 .ARM.attributes
                0x00000000       0x2d c:/program files/gnu tools arm embedded/4.9 2015q1/bin/../lib/gcc/arm-none-eabi/4.9.3/../../../../arm-none-eabi/lib/armv7-m\libc.a(lib_a-memset.o)
 .text          0x00000000        0x0 c:/program files/gnu tools arm embedded/4.9 2015q1/bin/../lib/gcc/arm-none-eabi/4.9.3/../../../../arm-none-eabi/lib/armv7-m\libc.a(lib_a-__call_atexit.o)
 .data          0x00000000        0x0 c:/program files/gnu tools arm embedded/4.9 2015q1/bin/../lib/gcc/arm-none-eabi/4.9.3/../../../../arm-none-eabi/lib/armv7-m\libc.a(lib_a-__call_atexit.o)
 .bss           0x00000000        0x0 c:/program files/gnu tools arm embedded/4.9 2015q1/bin/../lib/gcc/arm-none-eabi/4.9.3/../../../../arm-none-eabi/lib/armv7-m\libc.a(lib_a-__call_atexit.o)
 .text.__call_exitprocs
                0x00000000       0xd4 c:/program files/gnu tools arm embedded/4.9 2015q1/bin/../lib/gcc/arm-none-eabi/4.9.3/../../../../arm-none-eabi/lib/armv7-m\libc.a(lib_a-__call_atexit.o)
 .debug_frame   0x00000000       0x50 c:/program files/gnu tools arm embedded/4.9 2015q1/bin/../lib/gcc/arm-none-eabi/4.9.3/../../../../arm-none-eabi/lib/armv7-m\libc.a(lib_a-__call_atexit.o)
 .ARM.attributes
                0x00000000       0x2d c:/program files/gnu tools arm embedded/4.9 2015q1/bin/../lib/gcc/arm-none-eabi/4.9.3/../../../../arm-none-eabi/lib/armv7-m\libc.a(lib_a-__call_atexit.o)
 .text          0x00000000        0x0 c:/program files/gnu tools arm embedded/4.9 2015q1/bin/../lib/gcc/arm-none-eabi/4.9.3/../../../../arm-none-eabi/lib/armv7-m\libc.a(lib_a-atexit.o)
 .data          0x00000000        0x0 c:/program files/gnu tools arm embedded/4.9 2015q1/bin/../lib/gcc/arm-none-eabi/4.9.3/../../../../arm-none-eabi/lib/armv7-m\libc.a(lib_a-atexit.o)
 .bss           0x00000000        0x0 c:/program files/gnu tools arm embedded/4.9 2015q1/bin/../lib/gcc/arm-none-eabi/4.9.3/../../../../arm-none-eabi/lib/armv7-m\libc.a(lib_a-atexit.o)
 .debug_frame   0x00000000       0x20 c:/program files/gnu tools arm embedded/4.9 2015q1/bin/../lib/gcc/arm-none-eabi/4.9.3/../../../../arm-none-eabi/lib/armv7-m\libc.a(lib_a-atexit.o)
 .ARM.attributes
                0x00000000       0x2d c:/program files/gnu tools arm embedded/4.9 2015q1/bin/../lib/gcc/arm-none-eabi/4.9.3/../../../../arm-none-eabi/lib/armv7-m\libc.a(lib_a-atexit.o)
 .text          0x00000000        0x0 c:/program files/gnu tools arm embedded/4.9 2015q1/bin/../lib/gcc/arm-none-eabi/4.9.3/../../../../arm-none-eabi/lib/armv7-m\libc.a(lib_a-fini.o)
 .data          0x00000000        0x0 c:/program files/gnu tools arm embedded/4.9 2015q1/bin/../lib/gcc/arm-none-eabi/4.9.3/../../../../arm-none-eabi/lib/armv7-m\libc.a(lib_a-fini.o)
 .bss           0x00000000        0x0 c:/program files/gnu tools arm embedded/4.9 2015q1/bin/../lib/gcc/arm-none-eabi/4.9.3/../../../../arm-none-eabi/lib/armv7-m\libc.a(lib_a-fini.o)
 .debug_frame   0x00000000       0x34 c:/program files/gnu tools arm embedded/4.9 2015q1/bin/../lib/gcc/arm-none-eabi/4.9.3/../../../../arm-none-eabi/lib/armv7-m\libc.a(lib_a-fini.o)
 .ARM.attributes
                0x00000000       0x2d c:/program files/gnu tools arm embedded/4.9 2015q1/bin/../lib/gcc/arm-none-eabi/4.9.3/../../../../arm-none-eabi/lib/armv7-m\libc.a(lib_a-fini.o)
 .text          0x00000000        0x0 c:/program files/gnu tools arm embedded/4.9 2015q1/bin/../lib/gcc/arm-none-eabi/4.9.3/../../../../arm-none-eabi/lib/armv7-m\libc.a(lib_a-__atexit.o)
 .data          0x00000000        0x0 c:/program files/gnu tools arm embedded/4.9 2015q1/bin/../lib/gcc/arm-none-eabi/4.9.3/../../../../arm-none-eabi/lib/armv7-m\libc.a(lib_a-__atexit.o)
 .bss           0x00000000        0x0 c:/program files/gnu tools arm embedded/4.9 2015q1/bin/../lib/gcc/arm-none-eabi/4.9.3/../../../../arm-none-eabi/lib/armv7-m\libc.a(lib_a-__atexit.o)
 .debug_frame   0x00000000       0x34 c:/program files/gnu tools arm embedded/4.9 2015q1/bin/../lib/gcc/arm-none-eabi/4.9.3/../../../../arm-none-eabi/lib/armv7-m\libc.a(lib_a-__atexit.o)
 .ARM.attributes
                0x00000000       0x2d c:/program files/gnu tools arm embedded/4.9 2015q1/bin/../lib/gcc/arm-none-eabi/4.9.3/../../../../arm-none-eabi/lib/armv7-m\libc.a(lib_a-__atexit.o)
 .data          0x00000000        0x0 ..\obj\main.o
 .data          0x00000000        0x0 ..\obj\stm32f10x_tim.o
 .bss           0x00000000        0x0 ..\obj\stm32f10x_tim.o
 .bss           0x00000000        0x0 ..\obj\stm32f10x_rcc.o
 .data          0x00000000        0x0 ..\obj\stm32f10x_gpio.o
 .bss           0x00000000        0x0 ..\obj\stm32f10x_gpio.o
 .bss           0x00000000        0x0 ..\obj\system_stm32f10x.o
 .data          0x00000000        0x0 ..\obj\Timer.o
 .bss           0x00000000        0x0 ..\obj\Timer.o
 .text          0x00000000       0x14 ..\obj\startup_stm32f103xb.o
 .data          0x00000000        0x0 ..\obj\startup_stm32f103xb.o
 .bss           0x00000000        0x0 ..\obj\startup_stm32f103xb.o
 .text          0x00000000        0x0 c:/program files/gnu tools arm embedded/4.9 2015q1/bin/../lib/gcc/arm-none-eabi/4.9.3/armv7-m/crtend.o
 .data          0x00000000        0x0 c:/program files/gnu tools arm embedded/4.9 2015q1/bin/../lib/gcc/arm-none-eabi/4.9.3/armv7-m/crtend.o
 .bss           0x00000000        0x0 c:/program files/gnu tools arm embedded/4.9 2015q1/bin/../lib/gcc/arm-none-eabi/4.9.3/armv7-m/crtend.o
 .eh_frame      0x00000000        0x4 c:/program files/gnu tools arm embedded/4.9 2015q1/bin/../lib/gcc/arm-none-eabi/4.9.3/armv7-m/crtend.o
 .jcr           0x00000000        0x4 c:/program files/gnu tools arm embedded/4.9 2015q1/bin/../lib/gcc/arm-none-eabi/4.9.3/armv7-m/crtend.o
 .ARM.attributes
                0x00000000       0x2d c:/program files/gnu tools arm embedded/4.9 2015q1/bin/../lib/gcc/arm-none-eabi/4.9.3/armv7-m/crtend.o
 .text          0x00000000        0x0 c:/program files/gnu tools arm embedded/4.9 2015q1/bin/../lib/gcc/arm-none-eabi/4.9.3/armv7-m/crtn.o
 .data          0x00000000        0x0 c:/program files/gnu tools arm embedded/4.9 2015q1/bin/../lib/gcc/arm-none-eabi/4.9.3/armv7-m/crtn.o
 .bss           0x00000000        0x0 c:/program files/gnu tools arm embedded/4.9 2015q1/bin/../lib/gcc/arm-none-eabi/4.9.3/armv7-m/crtn.o

Memory Configuration

Name             Origin             Length             Attributes
FLASH            0x08000000         0x00010000         xr
RAM              0x20000000         0x00005000         xrw
*default*        0x00000000         0xffffffff

Linker script and memory map

LOAD c:/program files/gnu tools arm embedded/4.9 2015q1/bin/../lib/gcc/arm-none-eabi/4.9.3/armv7-m/crti.o
LOAD c:/program files/gnu tools arm embedded/4.9 2015q1/bin/../lib/gcc/arm-none-eabi/4.9.3/armv7-m/crtbegin.o
LOAD c:/program files/gnu tools arm embedded/4.9 2015q1/bin/../lib/gcc/arm-none-eabi/4.9.3/../../../../arm-none-eabi/lib/armv7-m/crt0.o
                0x20004fff                _estack = 0x20004fff
                0x00000200                _Min_Heap_Size = 0x200
                0x00000400                _Min_Stack_Size = 0x400

.isr_vector     0x08000000      0x10c
                0x08000000                . = ALIGN (0x4)
 *(.isr_vector)
 .isr_vector    0x08000000      0x10c ..\obj\startup_stm32f103xb.o
                0x08000000                g_pfnVectors
                0x0800010c                . = ALIGN (0x4)

.text           0x0800010c     0x34bc
                0x0800010c                . = ALIGN (0x4)
 *(.text)
 .text          0x0800010c       0x5c c:/program files/gnu tools arm embedded/4.9 2015q1/bin/../lib/gcc/arm-none-eabi/4.9.3/armv7-m/crtbegin.o
 .text          0x08000168      0x36c ..\obj\main.o
                0x08000198                main
                0x080001cc                RCC_Configuration
                0x080001f8                GPIO_Configuration
                0x08000278                TIM1_init
                0x08000330                TIM4_IC_init
                0x08000390                delay
                0x080003c0                TIM1_UP_IRQHandler
                0x080004c8                TIM4_IRQHandler
 .text          0x080004d4     0x1e10 ..\obj\stm32f10x_tim.o
                0x080004d4                TIM_DeInit
                0x08000700                TIM_TimeBaseInit
                0x080007f8                TIM_OC1Init
                0x08000910                TIM_OC2Init
                0x08000a20                TIM_OC3Init
                0x08000b2c                TIM_OC4Init
                0x08000bfc                TIM_ICInit
                0x08000ca4                TIM_PWMIConfig
                0x08000d5c                TIM_BDTRConfig
                0x08000dac                TIM_TimeBaseStructInit
                0x08000de0                TIM_OCStructInit
                0x08000e24                TIM_ICStructInit
                0x08000e54                TIM_BDTRStructInit
                0x08000e90                TIM_Cmd
                0x08000ed0                TIM_CtrlPWMOutputs
                0x08000f1c                TIM_ITConfig
                0x08000f64                TIM_GenerateEvent
                0x08000f80                TIM_DMAConfig
                0x08000fa8                TIM_DMACmd
                0x08000ff0                TIM_InternalClockConfig
                0x08001014                TIM_ITRxExternalClockConfig
                0x08001040                TIM_TIxExternalClockConfig
                0x080010a0                TIM_ETRClockMode1Config
                0x080010fc                TIM_ETRClockMode2Config
                0x08001138                TIM_ETRConfig
                0x0800118c                TIM_PrescalerConfig
                0x080011b4                TIM_CounterModeConfig
                0x080011ec                TIM_SelectInputTrigger
                0x08001224                TIM_EncoderInterfaceConfig
                0x080012bc                TIM_ForcedOC1Config
                0x080012f4                TIM_ForcedOC2Config
                0x08001330                TIM_ForcedOC3Config
                0x08001368                TIM_ForcedOC4Config
                0x080013a4                TIM_ARRPreloadConfig
                0x080013e4                TIM_SelectCOM
                0x08001424                TIM_SelectCCDMA
                0x08001464                TIM_CCPreloadControl
                0x080014a4                TIM_OC1PreloadConfig
                0x080014dc                TIM_OC2PreloadConfig
                0x08001518                TIM_OC3PreloadConfig
                0x08001550                TIM_OC4PreloadConfig
                0x0800158c                TIM_OC1FastConfig
                0x080015c4                TIM_OC2FastConfig
                0x08001600                TIM_OC3FastConfig
                0x08001638                TIM_OC4FastConfig
                0x08001674                TIM_ClearOC1Ref
                0x080016ac                TIM_ClearOC2Ref
                0x080016e8                TIM_ClearOC3Ref
                0x08001720                TIM_ClearOC4Ref
                0x0800175c                TIM_OC1PolarityConfig
                0x08001794                TIM_OC1NPolarityConfig
                0x080017cc                TIM_OC2PolarityConfig
                0x08001808                TIM_OC2NPolarityConfig
                0x08001844                TIM_OC3PolarityConfig
                0x08001880                TIM_OC3NPolarityConfig
                0x080018bc                TIM_OC4PolarityConfig
                0x080018f8                TIM_CCxCmd
                0x0800194c                TIM_CCxNCmd
                0x080019a0                TIM_SelectOCxM
                0x08001a4c                TIM_UpdateDisableConfig
                0x08001a8c                TIM_UpdateRequestConfig
                0x08001acc                TIM_SelectHallSensor
                0x08001b0c                TIM_SelectOnePulseMode
                0x08001b44                TIM_SelectOutputTrigger
                0x08001b7c                TIM_SelectSlaveMode
                0x08001bb4                TIM_SelectMasterSlaveMode
                0x08001bec                TIM_SetCounter
                0x08001c08                TIM_SetAutoreload
                0x08001c24                TIM_SetCompare1
                0x08001c40                TIM_SetCompare2
                0x08001c5c                TIM_SetCompare3
                0x08001c78                TIM_SetCompare4
                0x08001c98                TIM_SetIC1Prescaler
                0x08001cd0                TIM_SetIC2Prescaler
                0x08001d0c                TIM_SetIC3Prescaler
                0x08001d44                TIM_SetIC4Prescaler
                0x08001d80                TIM_SetClockDivision
                0x08001db8                TIM_GetCapture1
                0x08001dd4                TIM_GetCapture2
                0x08001df0                TIM_GetCapture3
                0x08001e0c                TIM_GetCapture4
                0x08001e28                TIM_GetCounter
                0x08001e44                TIM_GetPrescaler
                0x08001e60                TIM_GetFlagStatus
                0x08001e98                TIM_ClearFlag
                0x08001eb8                TIM_GetITStatus
                0x08001f0c                TIM_ClearITPendingBit
 .text          0x080022e4      0x7dc ..\obj\stm32f10x_rcc.o
                0x080022e4                RCC_DeInit
                0x08002340                RCC_HSEConfig
                0x0800239c                RCC_WaitForHSEStartUp
                0x080023ec                RCC_AdjustHSICalibrationValue
                0x08002428                RCC_HSICmd
                0x08002448                RCC_PLLConfig
                0x08002484                RCC_PLLCmd
                0x080024a4                RCC_SYSCLKConfig
                0x080024dc                RCC_GetSYSCLKSource
                0x080024fc                RCC_HCLKConfig
                0x08002534                RCC_PCLK1Config
                0x0800256c                RCC_PCLK2Config
                0x080025a4                RCC_ITConfig
                0x080025f0                RCC_USBCLKConfig
                0x0800260c                RCC_ADCCLKConfig
                0x08002644                RCC_LSEConfig
                0x08002684                RCC_LSICmd
                0x080026a4                RCC_RTCCLKConfig
                0x080026c8                RCC_RTCCLKCmd
                0x080026e8                RCC_GetClocksFreq
                0x0800284c                RCC_AHBPeriphClockCmd
                0x08002888                RCC_APB2PeriphClockCmd
                0x080028c4                RCC_APB1PeriphClockCmd
                0x08002900                RCC_APB2PeriphResetCmd
                0x0800293c                RCC_APB1PeriphResetCmd
                0x08002978                RCC_BackupResetCmd
                0x08002998                RCC_ClockSecuritySystemCmd
                0x080029b8                RCC_MCOConfig
                0x080029d8                RCC_GetFlagStatus
                0x08002a4c                RCC_ClearFlag
                0x08002a68                RCC_GetITStatus
                0x08002aa0                RCC_ClearITPendingBit
 .text          0x08002ac0      0x5f8 ..\obj\stm32f10x_gpio.o
                0x08002ac0                GPIO_DeInit
                0x08002ba4                GPIO_AFIODeInit
                0x08002bbc                GPIO_Init
                0x08002d3c                GPIO_StructInit
                0x08002d64                GPIO_ReadInputDataBit
                0x08002d98                GPIO_ReadInputData
                0x08002db4                GPIO_ReadOutputDataBit
                0x08002de8                GPIO_ReadOutputData
                0x08002e04                GPIO_SetBits
                0x08002e20                GPIO_ResetBits
                0x08002e3c                GPIO_WriteBit
                0x08002e6c                GPIO_Write
                0x08002e88                GPIO_PinLockConfig
                0x08002ecc                GPIO_EventOutputConfig
                0x08002f18                GPIO_EventOutputCmd
                0x08002f38                GPIO_PinRemapConfig
                0x08003018                GPIO_EXTILineConfig
                0x0800309c                GPIO_ETH_MediaInterfaceConfig
 .text          0x080030b8      0x250 ..\obj\system_stm32f10x.o
                0x080030b8                SystemInit
                0x08003120                SystemCoreClockUpdate
 .text          0x08003308      0x11c ..\obj\Timer.o
                0x08003308                TM_TIMER_Init
                0x08003360                TM_PWM_OC_Init
                0x080033b8                TM_PWM_IC_Init
 *(.text*)
 .text.__libc_init_array
                0x08003424       0x50 c:/program files/gnu tools arm embedded/4.9 2015q1/bin/../lib/gcc/arm-none-eabi/4.9.3/../../../../arm-none-eabi/lib/armv7-m\libc.a(lib_a-init.o)
                0x08003424                __libc_init_array
 .text.startup.register_fini
                0x08003474       0x14 c:/program files/gnu tools arm embedded/4.9 2015q1/bin/../lib/gcc/arm-none-eabi/4.9.3/../../../../arm-none-eabi/lib/armv7-m\libc.a(lib_a-__call_atexit.o)
 .text.atexit   0x08003488        0xc c:/program files/gnu tools arm embedded/4.9 2015q1/bin/../lib/gcc/arm-none-eabi/4.9.3/../../../../arm-none-eabi/lib/armv7-m\libc.a(lib_a-atexit.o)
                0x08003488                atexit
 .text.__libc_fini_array
                0x08003494       0x2c c:/program files/gnu tools arm embedded/4.9 2015q1/bin/../lib/gcc/arm-none-eabi/4.9.3/../../../../arm-none-eabi/lib/armv7-m\libc.a(lib_a-fini.o)
                0x08003494                __libc_fini_array
 .text.__register_exitproc
                0x080034c0       0xa4 c:/program files/gnu tools arm embedded/4.9 2015q1/bin/../lib/gcc/arm-none-eabi/4.9.3/../../../../arm-none-eabi/lib/armv7-m\libc.a(lib_a-__atexit.o)
                0x080034c0                __register_exitproc
 .text.Reset_Handler
                0x08003564       0x48 ..\obj\startup_stm32f103xb.o
                0x08003564                Reset_Handler
 .text.Default_Handler
                0x080035ac        0x2 ..\obj\startup_stm32f103xb.o
                0x080035ac                RTC_Alarm_IRQHandler
                0x080035ac                EXTI2_IRQHandler
                0x080035ac                DebugMon_Handler
                0x080035ac                TIM1_CC_IRQHandler
                0x080035ac                HardFault_Handler
                0x080035ac                SysTick_Handler
                0x080035ac                PVD_IRQHandler
                0x080035ac                PendSV_Handler
                0x080035ac                NMI_Handler
                0x080035ac                EXTI3_IRQHandler
                0x080035ac                EXTI0_IRQHandler
                0x080035ac                I2C2_EV_IRQHandler
                0x080035ac                UsageFault_Handler
                0x080035ac                ADC1_2_IRQHandler
                0x080035ac                SPI1_IRQHandler
                0x080035ac                TAMPER_IRQHandler
                0x080035ac                DMA1_Channel4_IRQHandler
                0x080035ac                USART3_IRQHandler
                0x080035ac                RTC_IRQHandler
                0x080035ac                DMA1_Channel7_IRQHandler
                0x080035ac                CAN1_RX1_IRQHandler
                0x080035ac                I2C1_EV_IRQHandler
                0x080035ac                DMA1_Channel6_IRQHandler
                0x080035ac                TIM3_IRQHandler
                0x080035ac                RCC_IRQHandler
                0x080035ac                TIM1_TRG_COM_IRQHandler
                0x080035ac                DMA1_Channel1_IRQHandler
                0x080035ac                Default_Handler
                0x080035ac                EXTI15_10_IRQHandler
                0x080035ac                EXTI9_5_IRQHandler
                0x080035ac                SPI2_IRQHandler
                0x080035ac                MemManage_Handler
                0x080035ac                SVC_Handler
                0x080035ac                DMA1_Channel5_IRQHandler
                0x080035ac                EXTI4_IRQHandler
                0x080035ac                USB_LP_CAN1_RX0_IRQHandler
                0x080035ac                USB_HP_CAN1_TX_IRQHandler
                0x080035ac                DMA1_Channel3_IRQHandler
                0x080035ac                WWDG_IRQHandler
                0x080035ac                TIM2_IRQHandler
                0x080035ac                TIM1_BRK_IRQHandler
                0x080035ac                EXTI1_IRQHandler
                0x080035ac                USART2_IRQHandler
                0x080035ac                I2C2_ER_IRQHandler
                0x080035ac                DMA1_Channel2_IRQHandler
                0x080035ac                CAN1_SCE_IRQHandler
                0x080035ac                FLASH_IRQHandler
                0x080035ac                BusFault_Handler
                0x080035ac                USART1_IRQHandler
                0x080035ac                I2C1_ER_IRQHandler
                0x080035ac                USBWakeUp_IRQHandler
 *(.glue_7)
 .glue_7        0x00000000        0x0 linker stubs
 *(.glue_7t)
 .glue_7t       0x00000000        0x0 linker stubs
 *(.eh_frame)
 *fill*         0x080035ae        0x2 
 .eh_frame      0x080035b0        0x0 c:/program files/gnu tools arm embedded/4.9 2015q1/bin/../lib/gcc/arm-none-eabi/4.9.3/armv7-m/crtbegin.o
 *(.init)
 .init          0x080035b0        0x4 c:/program files/gnu tools arm embedded/4.9 2015q1/bin/../lib/gcc/arm-none-eabi/4.9.3/armv7-m/crti.o
                0x080035b0                _init
 .init          0x080035b4        0x8 c:/program files/gnu tools arm embedded/4.9 2015q1/bin/../lib/gcc/arm-none-eabi/4.9.3/armv7-m/crtn.o
 *(.fini)
 .fini          0x080035bc        0x4 c:/program files/gnu tools arm embedded/4.9 2015q1/bin/../lib/gcc/arm-none-eabi/4.9.3/armv7-m/crti.o
                0x080035bc                _fini
 .fini          0x080035c0        0x8 c:/program files/gnu tools arm embedded/4.9 2015q1/bin/../lib/gcc/arm-none-eabi/4.9.3/armv7-m/crtn.o
                0x080035c8                . = ALIGN (0x4)
                0x080035c8                _etext = .

.vfp11_veneer   0x080035c8        0x0
 .vfp11_veneer  0x00000000        0x0 linker stubs

.v4_bx          0x080035c8        0x0
 .v4_bx         0x00000000        0x0 linker stubs

.iplt           0x080035c8        0x0
 .iplt          0x00000000        0x0 c:/program files/gnu tools arm embedded/4.9 2015q1/bin/../lib/gcc/arm-none-eabi/4.9.3/armv7-m/crtbegin.o

.rodata         0x080035c8        0x8
                0x080035c8                . = ALIGN (0x4)
 *(.rodata)
 *(.rodata*)
 .rodata.str1.4
                0x080035c8        0x4 c:/program files/gnu tools arm embedded/4.9 2015q1/bin/../lib/gcc/arm-none-eabi/4.9.3/../../../../arm-none-eabi/lib/armv7-m\libc.a(lib_a-impure.o)
 .rodata._global_impure_ptr
                0x080035cc        0x4 c:/program files/gnu tools arm embedded/4.9 2015q1/bin/../lib/gcc/arm-none-eabi/4.9.3/../../../../arm-none-eabi/lib/armv7-m\libc.a(lib_a-impure.o)
                0x080035cc                _global_impure_ptr
                0x080035d0                . = ALIGN (0x4)

.rel.dyn        0x080035d0        0x0
 .rel.iplt      0x00000000        0x0 c:/program files/gnu tools arm embedded/4.9 2015q1/bin/../lib/gcc/arm-none-eabi/4.9.3/armv7-m/crtbegin.o

.ARM.extab
 *(.ARM.extab* .gnu.linkonce.armextab.*)

.ARM            0x080035d0        0x0
                0x080035d0                __exidx_start = .
 *(.ARM.exidx*)
                0x080035d0                __exidx_end = .

.preinit_array  0x080035d0        0x0
                0x080035d0                PROVIDE (__preinit_array_start, .)
 *(.preinit_array*)
                0x080035d0                PROVIDE (__preinit_array_end, .)

.init_array     0x080035d0        0x8
                0x080035d0                PROVIDE (__init_array_start, .)
 *(SORT(.init_array.*))
 .init_array.00000
                0x080035d0        0x4 c:/program files/gnu tools arm embedded/4.9 2015q1/bin/../lib/gcc/arm-none-eabi/4.9.3/../../../../arm-none-eabi/lib/armv7-m\libc.a(lib_a-__call_atexit.o)
 *(.init_array*)
 .init_array    0x080035d4        0x4 c:/program files/gnu tools arm embedded/4.9 2015q1/bin/../lib/gcc/arm-none-eabi/4.9.3/armv7-m/crtbegin.o
                0x080035d8                PROVIDE (__init_array_end, .)

.fini_array     0x080035d8        0x4
                0x080035d8                PROVIDE (__fini_array_start, .)
 *(SORT(.fini_array.*))
 *(.fini_array*)
 .fini_array    0x080035d8        0x4 c:/program files/gnu tools arm embedded/4.9 2015q1/bin/../lib/gcc/arm-none-eabi/4.9.3/armv7-m/crtbegin.o
                0x080035dc                PROVIDE (__fini_array_end, .)
                0x080035dc                _sidata = LOADADDR (.data)

.data           0x20000000      0x450 load address 0x080035dc
                0x20000000                . = ALIGN (0x4)
                0x20000000                _sdata = .
 *(.data)
 .data          0x20000000       0x14 ..\obj\stm32f10x_rcc.o
 .data          0x20000014       0x14 ..\obj\system_stm32f10x.o
                0x20000014                SystemCoreClock
                0x20000018                AHBPrescTable
 *(.data*)
 .data.impure_data
                0x20000028      0x428 c:/program files/gnu tools arm embedded/4.9 2015q1/bin/../lib/gcc/arm-none-eabi/4.9.3/../../../../arm-none-eabi/lib/armv7-m\libc.a(lib_a-impure.o)
                0x20000450                . = ALIGN (0x4)
                0x20000450                _edata = .

.jcr            0x20000450        0x0 load address 0x08003a2c
 .jcr           0x20000450        0x0 c:/program files/gnu tools arm embedded/4.9 2015q1/bin/../lib/gcc/arm-none-eabi/4.9.3/armv7-m/crtbegin.o

.igot.plt       0x20000450        0x0 load address 0x08003a2c
 .igot.plt      0x00000000        0x0 c:/program files/gnu tools arm embedded/4.9 2015q1/bin/../lib/gcc/arm-none-eabi/4.9.3/armv7-m/crtbegin.o
                0x20000450                . = ALIGN (0x4)

.bss            0x20000450       0x48 load address 0x08003a2c
                0x20000450                _sbss = .
                0x20000450                __bss_start__ = _sbss
 *(.bss)
 .bss           0x20000450       0x1c c:/program files/gnu tools arm embedded/4.9 2015q1/bin/../lib/gcc/arm-none-eabi/4.9.3/armv7-m/crtbegin.o
 .bss           0x2000046c        0x2 ..\obj\main.o
                0x2000046c                counter
 *(.bss*)
 *(COMMON)
 *fill*         0x2000046e        0x2 
 COMMON         0x20000470       0x26 ..\obj\main.o
                0x20000470                TIM_TimeBaseStructure
                0x2000047c                outputChannelInit
                0x2000048c                TIM_ICInitStructure
                0x20000498                . = ALIGN (0x4)
 *fill*         0x20000496        0x2 
                0x20000498                _ebss = .
                0x20000498                __bss_end__ = _ebss

._user_heap_stack
                0x20000498      0x600 load address 0x08003a2c
                0x20000498                . = ALIGN (0x4)
                0x20000498                PROVIDE (end, .)
                0x20000498                PROVIDE (_end, .)
                0x20000698                . = (. + _Min_Heap_Size)
 *fill*         0x20000498      0x200 
                0x20000a98                . = (. + _Min_Stack_Size)
 *fill*         0x20000698      0x400 
                0x20000a98                . = ALIGN (0x4)

/DISCARD/
 libc.a(*)
 libm.a(*)
 libgcc.a(*)

.ARM.attributes
                0x00000000       0x29
 *(.ARM.attributes)
 .ARM.attributes
                0x00000000       0x1d c:/program files/gnu tools arm embedded/4.9 2015q1/bin/../lib/gcc/arm-none-eabi/4.9.3/armv7-m/crti.o
 .ARM.attributes
                0x0000001d       0x2d c:/program files/gnu tools arm embedded/4.9 2015q1/bin/../lib/gcc/arm-none-eabi/4.9.3/armv7-m/crtbegin.o
 .ARM.attributes
                0x0000004a       0x33 ..\obj\main.o
 .ARM.attributes
                0x0000007d       0x33 ..\obj\stm32f10x_tim.o
 .ARM.attributes
                0x000000b0       0x33 ..\obj\stm32f10x_rcc.o
 .ARM.attributes
                0x000000e3       0x33 ..\obj\stm32f10x_gpio.o
 .ARM.attributes
                0x00000116       0x33 ..\obj\system_stm32f10x.o
 .ARM.attributes
                0x00000149       0x33 ..\obj\Timer.o
 .ARM.attributes
                0x0000017c       0x21 ..\obj\startup_stm32f103xb.o
 .ARM.attributes
                0x0000019d       0x1d c:/program files/gnu tools arm embedded/4.9 2015q1/bin/../lib/gcc/arm-none-eabi/4.9.3/armv7-m/crtn.o
LOAD ..\obj\main.o
LOAD ..\obj\stm32f10x_tim.o
LOAD ..\obj\stm32f10x_rcc.o
LOAD ..\obj\stm32f10x_gpio.o
LOAD ..\obj\system_stm32f10x.o
LOAD ..\obj\Timer.o
LOAD ..\obj\startup_stm32f103xb.o
START GROUP
LOAD c:/program files/gnu tools arm embedded/4.9 2015q1/bin/../lib/gcc/arm-none-eabi/4.9.3/armv7-m\libgcc.a
LOAD c:/program files/gnu tools arm embedded/4.9 2015q1/bin/../lib/gcc/arm-none-eabi/4.9.3/../../../../arm-none-eabi/lib/armv7-m\libg.a
LOAD c:/program files/gnu tools arm embedded/4.9 2015q1/bin/../lib/gcc/arm-none-eabi/4.9.3/../../../../arm-none-eabi/lib/armv7-m\libc.a
END GROUP
LOAD c:/program files/gnu tools arm embedded/4.9 2015q1/bin/../lib/gcc/arm-none-eabi/4.9.3/armv7-m/crtend.o
LOAD c:/program files/gnu tools arm embedded/4.9 2015q1/bin/../lib/gcc/arm-none-eabi/4.9.3/armv7-m/crtn.o
OUTPUT(blink.elf elf32-littlearm)

.debug_info     0x00000000     0x409b
 .debug_info    0x00000000      0x9d3 ..\obj\main.o
 .debug_info    0x000009d3     0x1c58 ..\obj\stm32f10x_tim.o
 .debug_info    0x0000262b      0x88d ..\obj\stm32f10x_rcc.o
 .debug_info    0x00002eb8      0x6e7 ..\obj\stm32f10x_gpio.o
 .debug_info    0x0000359f      0x479 ..\obj\system_stm32f10x.o
 .debug_info    0x00003a18      0x5bd ..\obj\Timer.o
 .debug_info    0x00003fd5       0xc6 ..\obj\startup_stm32f103xb.o

.debug_abbrev   0x00000000      0x98a
 .debug_abbrev  0x00000000      0x216 ..\obj\main.o
 .debug_abbrev  0x00000216      0x1b0 ..\obj\stm32f10x_tim.o
 .debug_abbrev  0x000003c6      0x1ba ..\obj\stm32f10x_rcc.o
 .debug_abbrev  0x00000580      0x1c8 ..\obj\stm32f10x_gpio.o
 .debug_abbrev  0x00000748      0x14c ..\obj\system_stm32f10x.o
 .debug_abbrev  0x00000894       0xe4 ..\obj\Timer.o
 .debug_abbrev  0x00000978       0x12 ..\obj\startup_stm32f103xb.o

.debug_aranges  0x00000000       0xe8
 .debug_aranges
                0x00000000       0x20 ..\obj\main.o
 .debug_aranges
                0x00000020       0x20 ..\obj\stm32f10x_tim.o
 .debug_aranges
                0x00000040       0x20 ..\obj\stm32f10x_rcc.o
 .debug_aranges
                0x00000060       0x20 ..\obj\stm32f10x_gpio.o
 .debug_aranges
                0x00000080       0x20 ..\obj\system_stm32f10x.o
 .debug_aranges
                0x000000a0       0x20 ..\obj\Timer.o
 .debug_aranges
                0x000000c0       0x28 ..\obj\startup_stm32f103xb.o

.debug_line     0x00000000     0x1328
 .debug_line    0x00000000      0x2d3 ..\obj\main.o
 .debug_line    0x000002d3      0x5fe ..\obj\stm32f10x_tim.o
 .debug_line    0x000008d1      0x2ec ..\obj\stm32f10x_rcc.o
 .debug_line    0x00000bbd      0x291 ..\obj\stm32f10x_gpio.o
 .debug_line    0x00000e4e      0x211 ..\obj\system_stm32f10x.o
 .debug_line    0x0000105f      0x215 ..\obj\Timer.o
 .debug_line    0x00001274       0xb4 ..\obj\startup_stm32f103xb.o

.debug_str      0x00000000     0x1bd9
 .debug_str     0x00000000      0x9c1 ..\obj\main.o
                                0xa22 (size before relaxing)
 .debug_str     0x000009c1      0x9bb ..\obj\stm32f10x_tim.o
                                0xde8 (size before relaxing)
 .debug_str     0x0000137c      0x46f ..\obj\stm32f10x_rcc.o
                                0x625 (size before relaxing)
 .debug_str     0x000017eb      0x25e ..\obj\stm32f10x_gpio.o
                                0x524 (size before relaxing)
 .debug_str     0x00001a49      0x10d ..\obj\system_stm32f10x.o
                                0x2f9 (size before relaxing)
 .debug_str     0x00001b56       0x83 ..\obj\Timer.o
                                0x542 (size before relaxing)

.comment        0x00000000       0x70
 .comment       0x00000000       0x70 ..\obj\main.o
                                 0x71 (size before relaxing)
 .comment       0x00000000       0x71 ..\obj\stm32f10x_tim.o
 .comment       0x00000000       0x71 ..\obj\stm32f10x_rcc.o
 .comment       0x00000000       0x71 ..\obj\stm32f10x_gpio.o
 .comment       0x00000000       0x71 ..\obj\system_stm32f10x.o
 .comment       0x00000000       0x71 ..\obj\Timer.o

.debug_frame    0x00000000     0x1854
 .debug_frame   0x00000000      0x150 ..\obj\main.o
 .debug_frame   0x00000150      0xe2c ..\obj\stm32f10x_tim.o
 .debug_frame   0x00000f7c      0x4f4 ..\obj\stm32f10x_rcc.o
 .debug_frame   0x00001470      0x2d0 ..\obj\stm32f10x_gpio.o
 .debug_frame   0x00001740       0x98 ..\obj\system_stm32f10x.o
 .debug_frame   0x000017d8       0x7c ..\obj\Timer.o

.debug_ranges   0x00000000       0x20
 .debug_ranges  0x00000000       0x20 ..\obj\startup_stm32f103xb.o
