Archive member included because of file (symbol)

c:/program files/gnu tools arm embedded/4.9 2015q1/bin/../lib/gcc/arm-none-eabi/4.9.3/../../../../arm-none-eabi/lib/armv7-m\libc.a(lib_a-exit.o)
                              c:/program files/gnu tools arm embedded/4.9 2015q1/bin/../lib/gcc/arm-none-eabi/4.9.3/../../../../arm-none-eabi/lib/armv7-m/crt0.o (exit)
c:/program files/gnu tools arm embedded/4.9 2015q1/bin/../lib/gcc/arm-none-eabi/4.9.3/../../../../arm-none-eabi/lib/armv7-m\libc.a(lib_a-impure.o)
                              c:/program files/gnu tools arm embedded/4.9 2015q1/bin/../lib/gcc/arm-none-eabi/4.9.3/../../../../arm-none-eabi/lib/armv7-m\libc.a(lib_a-exit.o) (_global_impure_ptr)
c:/program files/gnu tools arm embedded/4.9 2015q1/bin/../lib/gcc/arm-none-eabi/4.9.3/../../../../arm-none-eabi/lib/armv7-m\libc.a(lib_a-init.o)
                              c:/program files/gnu tools arm embedded/4.9 2015q1/bin/../lib/gcc/arm-none-eabi/4.9.3/../../../../arm-none-eabi/lib/armv7-m/crt0.o (__libc_init_array)
c:/program files/gnu tools arm embedded/4.9 2015q1/bin/../lib/gcc/arm-none-eabi/4.9.3/../../../../arm-none-eabi/lib/armv7-m\libc.a(lib_a-memset.o)
                              c:/program files/gnu tools arm embedded/4.9 2015q1/bin/../lib/gcc/arm-none-eabi/4.9.3/../../../../arm-none-eabi/lib/armv7-m/crt0.o (memset)
c:/program files/gnu tools arm embedded/4.9 2015q1/bin/../lib/gcc/arm-none-eabi/4.9.3/../../../../arm-none-eabi/lib/armv7-m\libc.a(lib_a-__call_atexit.o)
                              c:/program files/gnu tools arm embedded/4.9 2015q1/bin/../lib/gcc/arm-none-eabi/4.9.3/../../../../arm-none-eabi/lib/armv7-m\libc.a(lib_a-exit.o) (__call_exitprocs)
c:/program files/gnu tools arm embedded/4.9 2015q1/bin/../lib/gcc/arm-none-eabi/4.9.3/../../../../arm-none-eabi/lib/armv7-m\libc.a(lib_a-atexit.o)
                              c:/program files/gnu tools arm embedded/4.9 2015q1/bin/../lib/gcc/arm-none-eabi/4.9.3/../../../../arm-none-eabi/lib/armv7-m\libc.a(lib_a-__call_atexit.o) (atexit)
c:/program files/gnu tools arm embedded/4.9 2015q1/bin/../lib/gcc/arm-none-eabi/4.9.3/../../../../arm-none-eabi/lib/armv7-m\libc.a(lib_a-fini.o)
                              c:/program files/gnu tools arm embedded/4.9 2015q1/bin/../lib/gcc/arm-none-eabi/4.9.3/../../../../arm-none-eabi/lib/armv7-m\libc.a(lib_a-__call_atexit.o) (__libc_fini_array)
c:/program files/gnu tools arm embedded/4.9 2015q1/bin/../lib/gcc/arm-none-eabi/4.9.3/../../../../arm-none-eabi/lib/armv7-m\libc.a(lib_a-__atexit.o)
                              c:/program files/gnu tools arm embedded/4.9 2015q1/bin/../lib/gcc/arm-none-eabi/4.9.3/../../../../arm-none-eabi/lib/armv7-m\libc.a(lib_a-atexit.o) (__register_exitproc)

Allocating common symbols
Common symbol       size              file

TIM_TimeBaseStructure
                    0xa               ..\obj\main.o
outputChannelInit   0x10              ..\obj\main.o
TIM_OCInitStructure
                    0x10              ..\obj\main.o

Discarded input sections

 .text          0x00000000        0x0 c:/program files/gnu tools arm embedded/4.9 2015q1/bin/../lib/gcc/arm-none-eabi/4.9.3/armv7-m/crti.o
 .data          0x00000000        0x0 c:/program files/gnu tools arm embedded/4.9 2015q1/bin/../lib/gcc/arm-none-eabi/4.9.3/armv7-m/crti.o
 .bss           0x00000000        0x0 c:/program files/gnu tools arm embedded/4.9 2015q1/bin/../lib/gcc/arm-none-eabi/4.9.3/armv7-m/crti.o
 .data          0x00000000        0x4 c:/program files/gnu tools arm embedded/4.9 2015q1/bin/../lib/gcc/arm-none-eabi/4.9.3/armv7-m/crtbegin.o
 .text          0x00000000       0x74 c:/program files/gnu tools arm embedded/4.9 2015q1/bin/../lib/gcc/arm-none-eabi/4.9.3/../../../../arm-none-eabi/lib/armv7-m/crt0.o
 .data          0x00000000        0x0 c:/program files/gnu tools arm embedded/4.9 2015q1/bin/../lib/gcc/arm-none-eabi/4.9.3/../../../../arm-none-eabi/lib/armv7-m/crt0.o
 .bss           0x00000000        0x0 c:/program files/gnu tools arm embedded/4.9 2015q1/bin/../lib/gcc/arm-none-eabi/4.9.3/../../../../arm-none-eabi/lib/armv7-m/crt0.o
 .ARM.extab     0x00000000        0x0 c:/program files/gnu tools arm embedded/4.9 2015q1/bin/../lib/gcc/arm-none-eabi/4.9.3/../../../../arm-none-eabi/lib/armv7-m/crt0.o
 .ARM.exidx     0x00000000        0x8 c:/program files/gnu tools arm embedded/4.9 2015q1/bin/../lib/gcc/arm-none-eabi/4.9.3/../../../../arm-none-eabi/lib/armv7-m/crt0.o
 .ARM.attributes
                0x00000000       0x1b c:/program files/gnu tools arm embedded/4.9 2015q1/bin/../lib/gcc/arm-none-eabi/4.9.3/../../../../arm-none-eabi/lib/armv7-m/crt0.o
 .text          0x00000000        0x0 c:/program files/gnu tools arm embedded/4.9 2015q1/bin/../lib/gcc/arm-none-eabi/4.9.3/../../../../arm-none-eabi/lib/armv7-m\libc.a(lib_a-exit.o)
 .data          0x00000000        0x0 c:/program files/gnu tools arm embedded/4.9 2015q1/bin/../lib/gcc/arm-none-eabi/4.9.3/../../../../arm-none-eabi/lib/armv7-m\libc.a(lib_a-exit.o)
 .bss           0x00000000        0x0 c:/program files/gnu tools arm embedded/4.9 2015q1/bin/../lib/gcc/arm-none-eabi/4.9.3/../../../../arm-none-eabi/lib/armv7-m\libc.a(lib_a-exit.o)
 .text.exit     0x00000000       0x20 c:/program files/gnu tools arm embedded/4.9 2015q1/bin/../lib/gcc/arm-none-eabi/4.9.3/../../../../arm-none-eabi/lib/armv7-m\libc.a(lib_a-exit.o)
 .debug_frame   0x00000000       0x28 c:/program files/gnu tools arm embedded/4.9 2015q1/bin/../lib/gcc/arm-none-eabi/4.9.3/../../../../arm-none-eabi/lib/armv7-m\libc.a(lib_a-exit.o)
 .ARM.attributes
                0x00000000       0x2d c:/program files/gnu tools arm embedded/4.9 2015q1/bin/../lib/gcc/arm-none-eabi/4.9.3/../../../../arm-none-eabi/lib/armv7-m\libc.a(lib_a-exit.o)
 .text          0x00000000        0x0 c:/program files/gnu tools arm embedded/4.9 2015q1/bin/../lib/gcc/arm-none-eabi/4.9.3/../../../../arm-none-eabi/lib/armv7-m\libc.a(lib_a-impure.o)
 .data          0x00000000        0x0 c:/program files/gnu tools arm embedded/4.9 2015q1/bin/../lib/gcc/arm-none-eabi/4.9.3/../../../../arm-none-eabi/lib/armv7-m\libc.a(lib_a-impure.o)
 .bss           0x00000000        0x0 c:/program files/gnu tools arm embedded/4.9 2015q1/bin/../lib/gcc/arm-none-eabi/4.9.3/../../../../arm-none-eabi/lib/armv7-m\libc.a(lib_a-impure.o)
 .data._impure_ptr
                0x00000000        0x4 c:/program files/gnu tools arm embedded/4.9 2015q1/bin/../lib/gcc/arm-none-eabi/4.9.3/../../../../arm-none-eabi/lib/armv7-m\libc.a(lib_a-impure.o)
 .ARM.attributes
                0x00000000       0x2d c:/program files/gnu tools arm embedded/4.9 2015q1/bin/../lib/gcc/arm-none-eabi/4.9.3/../../../../arm-none-eabi/lib/armv7-m\libc.a(lib_a-impure.o)
 .text          0x00000000        0x0 c:/program files/gnu tools arm embedded/4.9 2015q1/bin/../lib/gcc/arm-none-eabi/4.9.3/../../../../arm-none-eabi/lib/armv7-m\libc.a(lib_a-init.o)
 .data          0x00000000        0x0 c:/program files/gnu tools arm embedded/4.9 2015q1/bin/../lib/gcc/arm-none-eabi/4.9.3/../../../../arm-none-eabi/lib/armv7-m\libc.a(lib_a-init.o)
 .bss           0x00000000        0x0 c:/program files/gnu tools arm embedded/4.9 2015q1/bin/../lib/gcc/arm-none-eabi/4.9.3/../../../../arm-none-eabi/lib/armv7-m\libc.a(lib_a-init.o)
 .debug_frame   0x00000000       0x2c c:/program files/gnu tools arm embedded/4.9 2015q1/bin/../lib/gcc/arm-none-eabi/4.9.3/../../../../arm-none-eabi/lib/armv7-m\libc.a(lib_a-init.o)
 .ARM.attributes
                0x00000000       0x2d c:/program files/gnu tools arm embedded/4.9 2015q1/bin/../lib/gcc/arm-none-eabi/4.9.3/../../../../arm-none-eabi/lib/armv7-m\libc.a(lib_a-init.o)
 .text          0x00000000        0x0 c:/program files/gnu tools arm embedded/4.9 2015q1/bin/../lib/gcc/arm-none-eabi/4.9.3/../../../../arm-none-eabi/lib/armv7-m\libc.a(lib_a-memset.o)
 .data          0x00000000        0x0 c:/program files/gnu tools arm embedded/4.9 2015q1/bin/../lib/gcc/arm-none-eabi/4.9.3/../../../../arm-none-eabi/lib/armv7-m\libc.a(lib_a-memset.o)
 .bss           0x00000000        0x0 c:/program files/gnu tools arm embedded/4.9 2015q1/bin/../lib/gcc/arm-none-eabi/4.9.3/../../../../arm-none-eabi/lib/armv7-m\libc.a(lib_a-memset.o)
 .text.memset   0x00000000       0x9c c:/program files/gnu tools arm embedded/4.9 2015q1/bin/../lib/gcc/arm-none-eabi/4.9.3/../../../../arm-none-eabi/lib/armv7-m\libc.a(lib_a-memset.o)
 .debug_frame   0x00000000       0x34 c:/program files/gnu tools arm embedded/4.9 2015q1/bin/../lib/gcc/arm-none-eabi/4.9.3/../../../../arm-none-eabi/lib/armv7-m\libc.a(lib_a-memset.o)
 .ARM.attributes
                0x00000000       0x2d c:/program files/gnu tools arm embedded/4.9 2015q1/bin/../lib/gcc/arm-none-eabi/4.9.3/../../../../arm-none-eabi/lib/armv7-m\libc.a(lib_a-memset.o)
 .text          0x00000000        0x0 c:/program files/gnu tools arm embedded/4.9 2015q1/bin/../lib/gcc/arm-none-eabi/4.9.3/../../../../arm-none-eabi/lib/armv7-m\libc.a(lib_a-__call_atexit.o)
 .data          0x00000000        0x0 c:/program files/gnu tools arm embedded/4.9 2015q1/bin/../lib/gcc/arm-none-eabi/4.9.3/../../../../arm-none-eabi/lib/armv7-m\libc.a(lib_a-__call_atexit.o)
 .bss           0x00000000        0x0 c:/program files/gnu tools arm embedded/4.9 2015q1/bin/../lib/gcc/arm-none-eabi/4.9.3/../../../../arm-none-eabi/lib/armv7-m\libc.a(lib_a-__call_atexit.o)
 .text.__call_exitprocs
                0x00000000       0xd4 c:/program files/gnu tools arm embedded/4.9 2015q1/bin/../lib/gcc/arm-none-eabi/4.9.3/../../../../arm-none-eabi/lib/armv7-m\libc.a(lib_a-__call_atexit.o)
 .debug_frame   0x00000000       0x50 c:/program files/gnu tools arm embedded/4.9 2015q1/bin/../lib/gcc/arm-none-eabi/4.9.3/../../../../arm-none-eabi/lib/armv7-m\libc.a(lib_a-__call_atexit.o)
 .ARM.attributes
                0x00000000       0x2d c:/program files/gnu tools arm embedded/4.9 2015q1/bin/../lib/gcc/arm-none-eabi/4.9.3/../../../../arm-none-eabi/lib/armv7-m\libc.a(lib_a-__call_atexit.o)
 .text          0x00000000        0x0 c:/program files/gnu tools arm embedded/4.9 2015q1/bin/../lib/gcc/arm-none-eabi/4.9.3/../../../../arm-none-eabi/lib/armv7-m\libc.a(lib_a-atexit.o)
 .data          0x00000000        0x0 c:/program files/gnu tools arm embedded/4.9 2015q1/bin/../lib/gcc/arm-none-eabi/4.9.3/../../../../arm-none-eabi/lib/armv7-m\libc.a(lib_a-atexit.o)
 .bss           0x00000000        0x0 c:/program files/gnu tools arm embedded/4.9 2015q1/bin/../lib/gcc/arm-none-eabi/4.9.3/../../../../arm-none-eabi/lib/armv7-m\libc.a(lib_a-atexit.o)
 .debug_frame   0x00000000       0x20 c:/program files/gnu tools arm embedded/4.9 2015q1/bin/../lib/gcc/arm-none-eabi/4.9.3/../../../../arm-none-eabi/lib/armv7-m\libc.a(lib_a-atexit.o)
 .ARM.attributes
                0x00000000       0x2d c:/program files/gnu tools arm embedded/4.9 2015q1/bin/../lib/gcc/arm-none-eabi/4.9.3/../../../../arm-none-eabi/lib/armv7-m\libc.a(lib_a-atexit.o)
 .text          0x00000000        0x0 c:/program files/gnu tools arm embedded/4.9 2015q1/bin/../lib/gcc/arm-none-eabi/4.9.3/../../../../arm-none-eabi/lib/armv7-m\libc.a(lib_a-fini.o)
 .data          0x00000000        0x0 c:/program files/gnu tools arm embedded/4.9 2015q1/bin/../lib/gcc/arm-none-eabi/4.9.3/../../../../arm-none-eabi/lib/armv7-m\libc.a(lib_a-fini.o)
 .bss           0x00000000        0x0 c:/program files/gnu tools arm embedded/4.9 2015q1/bin/../lib/gcc/arm-none-eabi/4.9.3/../../../../arm-none-eabi/lib/armv7-m\libc.a(lib_a-fini.o)
 .debug_frame   0x00000000       0x34 c:/program files/gnu tools arm embedded/4.9 2015q1/bin/../lib/gcc/arm-none-eabi/4.9.3/../../../../arm-none-eabi/lib/armv7-m\libc.a(lib_a-fini.o)
 .ARM.attributes
                0x00000000       0x2d c:/program files/gnu tools arm embedded/4.9 2015q1/bin/../lib/gcc/arm-none-eabi/4.9.3/../../../../arm-none-eabi/lib/armv7-m\libc.a(lib_a-fini.o)
 .text          0x00000000        0x0 c:/program files/gnu tools arm embedded/4.9 2015q1/bin/../lib/gcc/arm-none-eabi/4.9.3/../../../../arm-none-eabi/lib/armv7-m\libc.a(lib_a-__atexit.o)
 .data          0x00000000        0x0 c:/program files/gnu tools arm embedded/4.9 2015q1/bin/../lib/gcc/arm-none-eabi/4.9.3/../../../../arm-none-eabi/lib/armv7-m\libc.a(lib_a-__atexit.o)
 .bss           0x00000000        0x0 c:/program files/gnu tools arm embedded/4.9 2015q1/bin/../lib/gcc/arm-none-eabi/4.9.3/../../../../arm-none-eabi/lib/armv7-m\libc.a(lib_a-__atexit.o)
 .debug_frame   0x00000000       0x34 c:/program files/gnu tools arm embedded/4.9 2015q1/bin/../lib/gcc/arm-none-eabi/4.9.3/../../../../arm-none-eabi/lib/armv7-m\libc.a(lib_a-__atexit.o)
 .ARM.attributes
                0x00000000       0x2d c:/program files/gnu tools arm embedded/4.9 2015q1/bin/../lib/gcc/arm-none-eabi/4.9.3/../../../../arm-none-eabi/lib/armv7-m\libc.a(lib_a-__atexit.o)
 .data          0x00000000        0x0 ..\obj\stm32f10x_tim.o
 .bss           0x00000000        0x0 ..\obj\stm32f10x_tim.o
 .data          0x00000000        0x0 ..\obj\stm32f10x_gpio.o
 .bss           0x00000000        0x0 ..\obj\stm32f10x_gpio.o
 .text          0x00000000       0x14 ..\obj\startup_stm32f103xb.o
 .data          0x00000000        0x0 ..\obj\startup_stm32f103xb.o
 .bss           0x00000000        0x0 ..\obj\startup_stm32f103xb.o
 .data          0x00000000        0x0 ..\obj\main.o
 .bss           0x00000000        0x0 ..\obj\stm32f10x_rcc.o
 .bss           0x00000000        0x0 ..\obj\system_stm32f10x.o
 .text          0x00000000        0x0 ..\obj\swim.o
 .data          0x00000000        0x0 ..\obj\swim.o
 .bss           0x00000000        0x0 ..\obj\swim.o
 .debug_line    0x00000000        0x0 ..\obj\swim.o
 .debug_str     0x00000000       0xae ..\obj\swim.o
 .comment       0x00000000       0x71 ..\obj\swim.o
 .ARM.attributes
                0x00000000       0x33 ..\obj\swim.o
 .text          0x00000000        0x0 ..\obj\Timer.o
 .data          0x00000000        0x0 ..\obj\Timer.o
 .bss           0x00000000        0x0 ..\obj\Timer.o
 .debug_line    0x00000000        0x0 ..\obj\Timer.o
 .debug_str     0x00000000       0xaf ..\obj\Timer.o
 .comment       0x00000000       0x71 ..\obj\Timer.o
 .ARM.attributes
                0x00000000       0x33 ..\obj\Timer.o
 .text          0x00000000        0x0 c:/program files/gnu tools arm embedded/4.9 2015q1/bin/../lib/gcc/arm-none-eabi/4.9.3/armv7-m/crtend.o
 .data          0x00000000        0x0 c:/program files/gnu tools arm embedded/4.9 2015q1/bin/../lib/gcc/arm-none-eabi/4.9.3/armv7-m/crtend.o
 .bss           0x00000000        0x0 c:/program files/gnu tools arm embedded/4.9 2015q1/bin/../lib/gcc/arm-none-eabi/4.9.3/armv7-m/crtend.o
 .eh_frame      0x00000000        0x4 c:/program files/gnu tools arm embedded/4.9 2015q1/bin/../lib/gcc/arm-none-eabi/4.9.3/armv7-m/crtend.o
 .jcr           0x00000000        0x4 c:/program files/gnu tools arm embedded/4.9 2015q1/bin/../lib/gcc/arm-none-eabi/4.9.3/armv7-m/crtend.o
 .ARM.attributes
                0x00000000       0x2d c:/program files/gnu tools arm embedded/4.9 2015q1/bin/../lib/gcc/arm-none-eabi/4.9.3/armv7-m/crtend.o
 .text          0x00000000        0x0 c:/program files/gnu tools arm embedded/4.9 2015q1/bin/../lib/gcc/arm-none-eabi/4.9.3/armv7-m/crtn.o
 .data          0x00000000        0x0 c:/program files/gnu tools arm embedded/4.9 2015q1/bin/../lib/gcc/arm-none-eabi/4.9.3/armv7-m/crtn.o
 .bss           0x00000000        0x0 c:/program files/gnu tools arm embedded/4.9 2015q1/bin/../lib/gcc/arm-none-eabi/4.9.3/armv7-m/crtn.o

Memory Configuration

Name             Origin             Length             Attributes
FLASH            0x08000000         0x00010000         xr
RAM              0x20000000         0x00005000         xrw
*default*        0x00000000         0xffffffff

Linker script and memory map

LOAD c:/program files/gnu tools arm embedded/4.9 2015q1/bin/../lib/gcc/arm-none-eabi/4.9.3/armv7-m/crti.o
LOAD c:/program files/gnu tools arm embedded/4.9 2015q1/bin/../lib/gcc/arm-none-eabi/4.9.3/armv7-m/crtbegin.o
LOAD c:/program files/gnu tools arm embedded/4.9 2015q1/bin/../lib/gcc/arm-none-eabi/4.9.3/../../../../arm-none-eabi/lib/armv7-m/crt0.o
                0x20004fff                _estack = 0x20004fff
                0x00000200                _Min_Heap_Size = 0x200
                0x00000400                _Min_Stack_Size = 0x400

.isr_vector     0x08000000      0x10c
                0x08000000                . = ALIGN (0x4)
 *(.isr_vector)
 .isr_vector    0x08000000      0x10c ..\obj\startup_stm32f103xb.o
                0x08000000                g_pfnVectors
                0x0800010c                . = ALIGN (0x4)

.text           0x0800010c     0x3278
                0x0800010c                . = ALIGN (0x4)
 *(.text)
 .text          0x0800010c       0x5c c:/program files/gnu tools arm embedded/4.9 2015q1/bin/../lib/gcc/arm-none-eabi/4.9.3/armv7-m/crtbegin.o
 .text          0x08000168     0x1e10 ..\obj\stm32f10x_tim.o
                0x08000168                TIM_DeInit
                0x08000394                TIM_TimeBaseInit
                0x0800048c                TIM_OC1Init
                0x080005a4                TIM_OC2Init
                0x080006b4                TIM_OC3Init
                0x080007c0                TIM_OC4Init
                0x08000890                TIM_ICInit
                0x08000938                TIM_PWMIConfig
                0x080009f0                TIM_BDTRConfig
                0x08000a40                TIM_TimeBaseStructInit
                0x08000a74                TIM_OCStructInit
                0x08000ab8                TIM_ICStructInit
                0x08000ae8                TIM_BDTRStructInit
                0x08000b24                TIM_Cmd
                0x08000b64                TIM_CtrlPWMOutputs
                0x08000bb0                TIM_ITConfig
                0x08000bf8                TIM_GenerateEvent
                0x08000c14                TIM_DMAConfig
                0x08000c3c                TIM_DMACmd
                0x08000c84                TIM_InternalClockConfig
                0x08000ca8                TIM_ITRxExternalClockConfig
                0x08000cd4                TIM_TIxExternalClockConfig
                0x08000d34                TIM_ETRClockMode1Config
                0x08000d90                TIM_ETRClockMode2Config
                0x08000dcc                TIM_ETRConfig
                0x08000e20                TIM_PrescalerConfig
                0x08000e48                TIM_CounterModeConfig
                0x08000e80                TIM_SelectInputTrigger
                0x08000eb8                TIM_EncoderInterfaceConfig
                0x08000f50                TIM_ForcedOC1Config
                0x08000f88                TIM_ForcedOC2Config
                0x08000fc4                TIM_ForcedOC3Config
                0x08000ffc                TIM_ForcedOC4Config
                0x08001038                TIM_ARRPreloadConfig
                0x08001078                TIM_SelectCOM
                0x080010b8                TIM_SelectCCDMA
                0x080010f8                TIM_CCPreloadControl
                0x08001138                TIM_OC1PreloadConfig
                0x08001170                TIM_OC2PreloadConfig
                0x080011ac                TIM_OC3PreloadConfig
                0x080011e4                TIM_OC4PreloadConfig
                0x08001220                TIM_OC1FastConfig
                0x08001258                TIM_OC2FastConfig
                0x08001294                TIM_OC3FastConfig
                0x080012cc                TIM_OC4FastConfig
                0x08001308                TIM_ClearOC1Ref
                0x08001340                TIM_ClearOC2Ref
                0x0800137c                TIM_ClearOC3Ref
                0x080013b4                TIM_ClearOC4Ref
                0x080013f0                TIM_OC1PolarityConfig
                0x08001428                TIM_OC1NPolarityConfig
                0x08001460                TIM_OC2PolarityConfig
                0x0800149c                TIM_OC2NPolarityConfig
                0x080014d8                TIM_OC3PolarityConfig
                0x08001514                TIM_OC3NPolarityConfig
                0x08001550                TIM_OC4PolarityConfig
                0x0800158c                TIM_CCxCmd
                0x080015e0                TIM_CCxNCmd
                0x08001634                TIM_SelectOCxM
                0x080016e0                TIM_UpdateDisableConfig
                0x08001720                TIM_UpdateRequestConfig
                0x08001760                TIM_SelectHallSensor
                0x080017a0                TIM_SelectOnePulseMode
                0x080017d8                TIM_SelectOutputTrigger
                0x08001810                TIM_SelectSlaveMode
                0x08001848                TIM_SelectMasterSlaveMode
                0x08001880                TIM_SetCounter
                0x0800189c                TIM_SetAutoreload
                0x080018b8                TIM_SetCompare1
                0x080018d4                TIM_SetCompare2
                0x080018f0                TIM_SetCompare3
                0x0800190c                TIM_SetCompare4
                0x0800192c                TIM_SetIC1Prescaler
                0x08001964                TIM_SetIC2Prescaler
                0x080019a0                TIM_SetIC3Prescaler
                0x080019d8                TIM_SetIC4Prescaler
                0x08001a14                TIM_SetClockDivision
                0x08001a4c                TIM_GetCapture1
                0x08001a68                TIM_GetCapture2
                0x08001a84                TIM_GetCapture3
                0x08001aa0                TIM_GetCapture4
                0x08001abc                TIM_GetCounter
                0x08001ad8                TIM_GetPrescaler
                0x08001af4                TIM_GetFlagStatus
                0x08001b2c                TIM_ClearFlag
                0x08001b4c                TIM_GetITStatus
                0x08001ba0                TIM_ClearITPendingBit
 .text          0x08001f78      0x5f8 ..\obj\stm32f10x_gpio.o
                0x08001f78                GPIO_DeInit
                0x0800205c                GPIO_AFIODeInit
                0x08002074                GPIO_Init
                0x080021f4                GPIO_StructInit
                0x0800221c                GPIO_ReadInputDataBit
                0x08002250                GPIO_ReadInputData
                0x0800226c                GPIO_ReadOutputDataBit
                0x080022a0                GPIO_ReadOutputData
                0x080022bc                GPIO_SetBits
                0x080022d8                GPIO_ResetBits
                0x080022f4                GPIO_WriteBit
                0x08002324                GPIO_Write
                0x08002340                GPIO_PinLockConfig
                0x08002384                GPIO_EventOutputConfig
                0x080023d0                GPIO_EventOutputCmd
                0x080023f0                GPIO_PinRemapConfig
                0x080024d0                GPIO_EXTILineConfig
                0x08002554                GPIO_ETH_MediaInterfaceConfig
 .text          0x08002570      0x244 ..\obj\main.o
                0x080025a0                main
                0x0800263c                RCC_Configuration
                0x08002658                GPIO_Configuration
                0x080026b0                TIM1_UP_IRQHandler
                0x08002784                delay
 .text          0x080027b4      0x7dc ..\obj\stm32f10x_rcc.o
                0x080027b4                RCC_DeInit
                0x08002810                RCC_HSEConfig
                0x0800286c                RCC_WaitForHSEStartUp
                0x080028bc                RCC_AdjustHSICalibrationValue
                0x080028f8                RCC_HSICmd
                0x08002918                RCC_PLLConfig
                0x08002954                RCC_PLLCmd
                0x08002974                RCC_SYSCLKConfig
                0x080029ac                RCC_GetSYSCLKSource
                0x080029cc                RCC_HCLKConfig
                0x08002a04                RCC_PCLK1Config
                0x08002a3c                RCC_PCLK2Config
                0x08002a74                RCC_ITConfig
                0x08002ac0                RCC_USBCLKConfig
                0x08002adc                RCC_ADCCLKConfig
                0x08002b14                RCC_LSEConfig
                0x08002b54                RCC_LSICmd
                0x08002b74                RCC_RTCCLKConfig
                0x08002b98                RCC_RTCCLKCmd
                0x08002bb8                RCC_GetClocksFreq
                0x08002d1c                RCC_AHBPeriphClockCmd
                0x08002d58                RCC_APB2PeriphClockCmd
                0x08002d94                RCC_APB1PeriphClockCmd
                0x08002dd0                RCC_APB2PeriphResetCmd
                0x08002e0c                RCC_APB1PeriphResetCmd
                0x08002e48                RCC_BackupResetCmd
                0x08002e68                RCC_ClockSecuritySystemCmd
                0x08002e88                RCC_MCOConfig
                0x08002ea8                RCC_GetFlagStatus
                0x08002f1c                RCC_ClearFlag
                0x08002f38                RCC_GetITStatus
                0x08002f70                RCC_ClearITPendingBit
 .text          0x08002f90      0x250 ..\obj\system_stm32f10x.o
                0x08002f90                SystemInit
                0x08002ff8                SystemCoreClockUpdate
 *(.text*)
 .text.__libc_init_array
                0x080031e0       0x50 c:/program files/gnu tools arm embedded/4.9 2015q1/bin/../lib/gcc/arm-none-eabi/4.9.3/../../../../arm-none-eabi/lib/armv7-m\libc.a(lib_a-init.o)
                0x080031e0                __libc_init_array
 .text.startup.register_fini
                0x08003230       0x14 c:/program files/gnu tools arm embedded/4.9 2015q1/bin/../lib/gcc/arm-none-eabi/4.9.3/../../../../arm-none-eabi/lib/armv7-m\libc.a(lib_a-__call_atexit.o)
 .text.atexit   0x08003244        0xc c:/program files/gnu tools arm embedded/4.9 2015q1/bin/../lib/gcc/arm-none-eabi/4.9.3/../../../../arm-none-eabi/lib/armv7-m\libc.a(lib_a-atexit.o)
                0x08003244                atexit
 .text.__libc_fini_array
                0x08003250       0x2c c:/program files/gnu tools arm embedded/4.9 2015q1/bin/../lib/gcc/arm-none-eabi/4.9.3/../../../../arm-none-eabi/lib/armv7-m\libc.a(lib_a-fini.o)
                0x08003250                __libc_fini_array
 .text.__register_exitproc
                0x0800327c       0xa4 c:/program files/gnu tools arm embedded/4.9 2015q1/bin/../lib/gcc/arm-none-eabi/4.9.3/../../../../arm-none-eabi/lib/armv7-m\libc.a(lib_a-__atexit.o)
                0x0800327c                __register_exitproc
 .text.Reset_Handler
                0x08003320       0x48 ..\obj\startup_stm32f103xb.o
                0x08003320                Reset_Handler
 .text.Default_Handler
                0x08003368        0x2 ..\obj\startup_stm32f103xb.o
                0x08003368                RTC_Alarm_IRQHandler
                0x08003368                EXTI2_IRQHandler
                0x08003368                DebugMon_Handler
                0x08003368                TIM1_CC_IRQHandler
                0x08003368                HardFault_Handler
                0x08003368                SysTick_Handler
                0x08003368                PVD_IRQHandler
                0x08003368                PendSV_Handler
                0x08003368                NMI_Handler
                0x08003368                EXTI3_IRQHandler
                0x08003368                EXTI0_IRQHandler
                0x08003368                I2C2_EV_IRQHandler
                0x08003368                UsageFault_Handler
                0x08003368                ADC1_2_IRQHandler
                0x08003368                SPI1_IRQHandler
                0x08003368                TAMPER_IRQHandler
                0x08003368                DMA1_Channel4_IRQHandler
                0x08003368                USART3_IRQHandler
                0x08003368                RTC_IRQHandler
                0x08003368                DMA1_Channel7_IRQHandler
                0x08003368                CAN1_RX1_IRQHandler
                0x08003368                TIM4_IRQHandler
                0x08003368                I2C1_EV_IRQHandler
                0x08003368                DMA1_Channel6_IRQHandler
                0x08003368                TIM3_IRQHandler
                0x08003368                RCC_IRQHandler
                0x08003368                TIM1_TRG_COM_IRQHandler
                0x08003368                DMA1_Channel1_IRQHandler
                0x08003368                Default_Handler
                0x08003368                EXTI15_10_IRQHandler
                0x08003368                EXTI9_5_IRQHandler
                0x08003368                SPI2_IRQHandler
                0x08003368                MemManage_Handler
                0x08003368                SVC_Handler
                0x08003368                DMA1_Channel5_IRQHandler
                0x08003368                EXTI4_IRQHandler
                0x08003368                USB_LP_CAN1_RX0_IRQHandler
                0x08003368                USB_HP_CAN1_TX_IRQHandler
                0x08003368                DMA1_Channel3_IRQHandler
                0x08003368                WWDG_IRQHandler
                0x08003368                TIM2_IRQHandler
                0x08003368                TIM1_BRK_IRQHandler
                0x08003368                EXTI1_IRQHandler
                0x08003368                USART2_IRQHandler
                0x08003368                I2C2_ER_IRQHandler
                0x08003368                DMA1_Channel2_IRQHandler
                0x08003368                CAN1_SCE_IRQHandler
                0x08003368                FLASH_IRQHandler
                0x08003368                BusFault_Handler
                0x08003368                USART1_IRQHandler
                0x08003368                I2C1_ER_IRQHandler
                0x08003368                USBWakeUp_IRQHandler
 *(.glue_7)
 .glue_7        0x00000000        0x0 linker stubs
 *(.glue_7t)
 .glue_7t       0x00000000        0x0 linker stubs
 *(.eh_frame)
 *fill*         0x0800336a        0x2 
 .eh_frame      0x0800336c        0x0 c:/program files/gnu tools arm embedded/4.9 2015q1/bin/../lib/gcc/arm-none-eabi/4.9.3/armv7-m/crtbegin.o
 *(.init)
 .init          0x0800336c        0x4 c:/program files/gnu tools arm embedded/4.9 2015q1/bin/../lib/gcc/arm-none-eabi/4.9.3/armv7-m/crti.o
                0x0800336c                _init
 .init          0x08003370        0x8 c:/program files/gnu tools arm embedded/4.9 2015q1/bin/../lib/gcc/arm-none-eabi/4.9.3/armv7-m/crtn.o
 *(.fini)
 .fini          0x08003378        0x4 c:/program files/gnu tools arm embedded/4.9 2015q1/bin/../lib/gcc/arm-none-eabi/4.9.3/armv7-m/crti.o
                0x08003378                _fini
 .fini          0x0800337c        0x8 c:/program files/gnu tools arm embedded/4.9 2015q1/bin/../lib/gcc/arm-none-eabi/4.9.3/armv7-m/crtn.o
                0x08003384                . = ALIGN (0x4)
                0x08003384                _etext = .

.vfp11_veneer   0x08003384        0x0
 .vfp11_veneer  0x00000000        0x0 linker stubs

.v4_bx          0x08003384        0x0
 .v4_bx         0x00000000        0x0 linker stubs

.iplt           0x08003384        0x0
 .iplt          0x00000000        0x0 c:/program files/gnu tools arm embedded/4.9 2015q1/bin/../lib/gcc/arm-none-eabi/4.9.3/armv7-m/crtbegin.o

.rodata         0x08003384        0x8
                0x08003384                . = ALIGN (0x4)
 *(.rodata)
 *(.rodata*)
 .rodata.str1.4
                0x08003384        0x4 c:/program files/gnu tools arm embedded/4.9 2015q1/bin/../lib/gcc/arm-none-eabi/4.9.3/../../../../arm-none-eabi/lib/armv7-m\libc.a(lib_a-impure.o)
 .rodata._global_impure_ptr
                0x08003388        0x4 c:/program files/gnu tools arm embedded/4.9 2015q1/bin/../lib/gcc/arm-none-eabi/4.9.3/../../../../arm-none-eabi/lib/armv7-m\libc.a(lib_a-impure.o)
                0x08003388                _global_impure_ptr
                0x0800338c                . = ALIGN (0x4)

.rel.dyn        0x0800338c        0x0
 .rel.iplt      0x00000000        0x0 c:/program files/gnu tools arm embedded/4.9 2015q1/bin/../lib/gcc/arm-none-eabi/4.9.3/armv7-m/crtbegin.o

.ARM.extab
 *(.ARM.extab* .gnu.linkonce.armextab.*)

.ARM            0x0800338c        0x0
                0x0800338c                __exidx_start = .
 *(.ARM.exidx*)
                0x0800338c                __exidx_end = .

.preinit_array  0x0800338c        0x0
                0x0800338c                PROVIDE (__preinit_array_start, .)
 *(.preinit_array*)
                0x0800338c                PROVIDE (__preinit_array_end, .)

.init_array     0x0800338c        0x8
                0x0800338c                PROVIDE (__init_array_start, .)
 *(SORT(.init_array.*))
 .init_array.00000
                0x0800338c        0x4 c:/program files/gnu tools arm embedded/4.9 2015q1/bin/../lib/gcc/arm-none-eabi/4.9.3/../../../../arm-none-eabi/lib/armv7-m\libc.a(lib_a-__call_atexit.o)
 *(.init_array*)
 .init_array    0x08003390        0x4 c:/program files/gnu tools arm embedded/4.9 2015q1/bin/../lib/gcc/arm-none-eabi/4.9.3/armv7-m/crtbegin.o
                0x08003394                PROVIDE (__init_array_end, .)

.fini_array     0x08003394        0x4
                0x08003394                PROVIDE (__fini_array_start, .)
 *(SORT(.fini_array.*))
 *(.fini_array*)
 .fini_array    0x08003394        0x4 c:/program files/gnu tools arm embedded/4.9 2015q1/bin/../lib/gcc/arm-none-eabi/4.9.3/armv7-m/crtbegin.o
                0x08003398                PROVIDE (__fini_array_end, .)
                0x08003398                _sidata = LOADADDR (.data)

.data           0x20000000      0x450 load address 0x08003398
                0x20000000                . = ALIGN (0x4)
                0x20000000                _sdata = .
 *(.data)
 .data          0x20000000       0x14 ..\obj\stm32f10x_rcc.o
 .data          0x20000014       0x14 ..\obj\system_stm32f10x.o
                0x20000014                SystemCoreClock
                0x20000018                AHBPrescTable
 *(.data*)
 .data.impure_data
                0x20000028      0x428 c:/program files/gnu tools arm embedded/4.9 2015q1/bin/../lib/gcc/arm-none-eabi/4.9.3/../../../../arm-none-eabi/lib/armv7-m\libc.a(lib_a-impure.o)
                0x20000450                . = ALIGN (0x4)
                0x20000450                _edata = .

.jcr            0x20000450        0x0 load address 0x080037e8
 .jcr           0x20000450        0x0 c:/program files/gnu tools arm embedded/4.9 2015q1/bin/../lib/gcc/arm-none-eabi/4.9.3/armv7-m/crtbegin.o

.igot.plt       0x20000450        0x0 load address 0x080037e8
 .igot.plt      0x00000000        0x0 c:/program files/gnu tools arm embedded/4.9 2015q1/bin/../lib/gcc/arm-none-eabi/4.9.3/armv7-m/crtbegin.o
                0x20000450                . = ALIGN (0x4)

.bss            0x20000450       0x54 load address 0x080037e8
                0x20000450                _sbss = .
                0x20000450                __bss_start__ = _sbss
 *(.bss)
 .bss           0x20000450       0x1c c:/program files/gnu tools arm embedded/4.9 2015q1/bin/../lib/gcc/arm-none-eabi/4.9.3/armv7-m/crtbegin.o
 .bss           0x2000046c        0xc ..\obj\main.o
                0x2000046c                TimerPeriod
                0x2000046e                Channel1Pulse
                0x20000470                Channel2Pulse
                0x20000472                Channel3Pulse
                0x20000474                Channel4Pulse
                0x20000476                counter
 *(.bss*)
 *(COMMON)
 COMMON         0x20000478       0x2c ..\obj\main.o
                0x20000478                TIM_TimeBaseStructure
                0x20000484                outputChannelInit
                0x20000494                TIM_OCInitStructure
                0x200004a4                . = ALIGN (0x4)
                0x200004a4                _ebss = .
                0x200004a4                __bss_end__ = _ebss

._user_heap_stack
                0x200004a4      0x600 load address 0x080037e8
                0x200004a4                . = ALIGN (0x4)
                0x200004a4                PROVIDE (end, .)
                0x200004a4                PROVIDE (_end, .)
                0x200006a4                . = (. + _Min_Heap_Size)
 *fill*         0x200004a4      0x200 
                0x20000aa4                . = (. + _Min_Stack_Size)
 *fill*         0x200006a4      0x400 
                0x20000aa4                . = ALIGN (0x4)

/DISCARD/
 libc.a(*)
 libm.a(*)
 libgcc.a(*)

.ARM.attributes
                0x00000000       0x29
 *(.ARM.attributes)
 .ARM.attributes
                0x00000000       0x1d c:/program files/gnu tools arm embedded/4.9 2015q1/bin/../lib/gcc/arm-none-eabi/4.9.3/armv7-m/crti.o
 .ARM.attributes
                0x0000001d       0x2d c:/program files/gnu tools arm embedded/4.9 2015q1/bin/../lib/gcc/arm-none-eabi/4.9.3/armv7-m/crtbegin.o
 .ARM.attributes
                0x0000004a       0x33 ..\obj\stm32f10x_tim.o
 .ARM.attributes
                0x0000007d       0x33 ..\obj\stm32f10x_gpio.o
 .ARM.attributes
                0x000000b0       0x21 ..\obj\startup_stm32f103xb.o
 .ARM.attributes
                0x000000d1       0x33 ..\obj\main.o
 .ARM.attributes
                0x00000104       0x33 ..\obj\stm32f10x_rcc.o
 .ARM.attributes
                0x00000137       0x33 ..\obj\system_stm32f10x.o
 .ARM.attributes
                0x0000016a       0x1d c:/program files/gnu tools arm embedded/4.9 2015q1/bin/../lib/gcc/arm-none-eabi/4.9.3/armv7-m/crtn.o
LOAD ..\obj\stm32f10x_tim.o
LOAD ..\obj\stm32f10x_gpio.o
LOAD ..\obj\startup_stm32f103xb.o
LOAD ..\obj\main.o
LOAD ..\obj\stm32f10x_rcc.o
LOAD ..\obj\system_stm32f10x.o
LOAD ..\obj\swim.o
LOAD ..\obj\Timer.o
START GROUP
LOAD c:/program files/gnu tools arm embedded/4.9 2015q1/bin/../lib/gcc/arm-none-eabi/4.9.3/armv7-m\libgcc.a
LOAD c:/program files/gnu tools arm embedded/4.9 2015q1/bin/../lib/gcc/arm-none-eabi/4.9.3/../../../../arm-none-eabi/lib/armv7-m\libg.a
LOAD c:/program files/gnu tools arm embedded/4.9 2015q1/bin/../lib/gcc/arm-none-eabi/4.9.3/../../../../arm-none-eabi/lib/armv7-m\libc.a
END GROUP
LOAD c:/program files/gnu tools arm embedded/4.9 2015q1/bin/../lib/gcc/arm-none-eabi/4.9.3/armv7-m/crtend.o
LOAD c:/program files/gnu tools arm embedded/4.9 2015q1/bin/../lib/gcc/arm-none-eabi/4.9.3/armv7-m/crtn.o
OUTPUT(blink.elf elf32-littlearm)

.debug_info     0x00000000     0x3a6e
 .debug_info    0x00000000     0x1c58 ..\obj\stm32f10x_tim.o
 .debug_info    0x00001c58      0x6e7 ..\obj\stm32f10x_gpio.o
 .debug_info    0x0000233f       0xc6 ..\obj\startup_stm32f103xb.o
 .debug_info    0x00002405      0x963 ..\obj\main.o
 .debug_info    0x00002d68      0x88d ..\obj\stm32f10x_rcc.o
 .debug_info    0x000035f5      0x479 ..\obj\system_stm32f10x.o

.debug_abbrev   0x00000000      0x88e
 .debug_abbrev  0x00000000      0x1b0 ..\obj\stm32f10x_tim.o
 .debug_abbrev  0x000001b0      0x1c8 ..\obj\stm32f10x_gpio.o
 .debug_abbrev  0x00000378       0x12 ..\obj\startup_stm32f103xb.o
 .debug_abbrev  0x0000038a      0x1fe ..\obj\main.o
 .debug_abbrev  0x00000588      0x1ba ..\obj\stm32f10x_rcc.o
 .debug_abbrev  0x00000742      0x14c ..\obj\system_stm32f10x.o

.debug_aranges  0x00000000       0xc8
 .debug_aranges
                0x00000000       0x20 ..\obj\stm32f10x_tim.o
 .debug_aranges
                0x00000020       0x20 ..\obj\stm32f10x_gpio.o
 .debug_aranges
                0x00000040       0x28 ..\obj\startup_stm32f103xb.o
 .debug_aranges
                0x00000068       0x20 ..\obj\main.o
 .debug_aranges
                0x00000088       0x20 ..\obj\stm32f10x_rcc.o
 .debug_aranges
                0x000000a8       0x20 ..\obj\system_stm32f10x.o

.debug_line     0x00000000     0x10ec
 .debug_line    0x00000000      0x5fe ..\obj\stm32f10x_tim.o
 .debug_line    0x000005fe      0x291 ..\obj\stm32f10x_gpio.o
 .debug_line    0x0000088f       0xb4 ..\obj\startup_stm32f103xb.o
 .debug_line    0x00000943      0x2ac ..\obj\main.o
 .debug_line    0x00000bef      0x2ec ..\obj\stm32f10x_rcc.o
 .debug_line    0x00000edb      0x211 ..\obj\system_stm32f10x.o

.debug_str      0x00000000     0x1b59
 .debug_str     0x00000000      0xd25 ..\obj\stm32f10x_tim.o
                                0xde8 (size before relaxing)
 .debug_str     0x00000d25      0x394 ..\obj\stm32f10x_gpio.o
                                0x524 (size before relaxing)
 .debug_str     0x000010b9      0x52b ..\obj\main.o
                                0x9cb (size before relaxing)
 .debug_str     0x000015e4      0x468 ..\obj\stm32f10x_rcc.o
                                0x625 (size before relaxing)
 .debug_str     0x00001a4c      0x10d ..\obj\system_stm32f10x.o
                                0x2f9 (size before relaxing)

.comment        0x00000000       0x70
 .comment       0x00000000       0x70 ..\obj\stm32f10x_tim.o
                                 0x71 (size before relaxing)
 .comment       0x00000000       0x71 ..\obj\stm32f10x_gpio.o
 .comment       0x00000000       0x71 ..\obj\main.o
 .comment       0x00000000       0x71 ..\obj\stm32f10x_rcc.o
 .comment       0x00000000       0x71 ..\obj\system_stm32f10x.o

.debug_frame    0x00000000     0x1760
 .debug_frame   0x00000000      0xe2c ..\obj\stm32f10x_tim.o
 .debug_frame   0x00000e2c      0x2d0 ..\obj\stm32f10x_gpio.o
 .debug_frame   0x000010fc       0xd8 ..\obj\main.o
 .debug_frame   0x000011d4      0x4f4 ..\obj\stm32f10x_rcc.o
 .debug_frame   0x000016c8       0x98 ..\obj\system_stm32f10x.o

.debug_ranges   0x00000000       0x20
 .debug_ranges  0x00000000       0x20 ..\obj\startup_stm32f103xb.o
